
> frontend@0.0.0 start
> ng serve --host 127.0.0.1 --port 4200

[33m>[39m Building...
[32m√[39m Building...
[1mInitial chunk files[22m[2m | [22m[1mNames[22m                        [2m | [22m [1mRaw size[22m
[32mstyles.css[39m         [2m | [22m[2mstyles[22m                       [2m | [22m [36m26.53 kB[39m[2m | [22m
[32mmain.js[39m            [2m | [22m[2mmain[22m                         [2m | [22m  [36m8.14 kB[39m[2m | [22m
[32mchunk-47F2OJZY.js[39m  [2m | [22m[2m-[22m                            [2m | [22m  [36m3.65 kB[39m[2m | [22m
[32mchunk-CZJLB7T5.js[39m  [2m | [22m[2m-[22m                            [2m | [22m  [36m1.08 kB[39m[2m | [22m

[1m [22m                  [2m | [22m[1mInitial total[22m                [2m | [22m [1m39.39 kB[22m

[1mLazy chunk files[22m   [2m | [22m[1mNames[22m                        [2m | [22m [1mRaw size[22m
[32mchunk-J3USI5R4.js[39m  [2m | [22m[2mtecnico_incidente-component[22m  [2m | [22m[36m118.74 kB[39m[2m | [22m
[32mchunk-IOKWKXVX.js[39m  [2m | [22m[2mincidentes-taller-component[22m  [2m | [22m [36m93.32 kB[39m[2m | [22m
[32mchunk-UN3E6LRH.js[39m  [2m | [22m[2mdashboart-component[22m          [2m | [22m [36m86.67 kB[39m[2m | [22m
[32mchunk-6WBWWV5D.js[39m  [2m | [22m[2mtalleres-component[22m           [2m | [22m [36m85.45 kB[39m[2m | [22m
[32mchunk-YCMJLIWT.js[39m  [2m | [22m[2musuario-component[22m            [2m | [22m [36m69.46 kB[39m[2m | [22m
[32mchunk-U7LU2RWD.js[39m  [2m | [22m[2mregistro-component[22m           [2m | [22m [36m68.47 kB[39m[2m | [22m
[32mchunk-5MWD6QFY.js[39m  [2m | [22m[2mcotizaciones-taller-component[22m[2m | [22m [36m62.59 kB[39m[2m | [22m
[32mchunk-436O5TII.js[39m  [2m | [22m[2msuscripciones-admin-component[22m[2m | [22m [36m59.57 kB[39m[2m | [22m
[32mchunk-4CWPGAAG.js[39m  [2m | [22m[2mlanding-component[22m            [2m | [22m [36m49.82 kB[39m[2m | [22m
[32mchunk-GO6NFPDO.js[39m  [2m | [22m[2mchat-tecnico-component[22m       [2m | [22m [36m46.56 kB[39m[2m | [22m
[32mchunk-NX56JKFZ.js[39m  [2m | [22m[2mlogin-components[22m             [2m | [22m [36m43.83 kB[39m[2m | [22m
[32mchunk-FOI6E3L5.js[39m  [2m | [22m[2m-[22m                            [2m | [22m [36m40.59 kB[39m[2m | [22m
[32mchunk-ZU3OK2XD.js[39m  [2m | [22m[2mdashboard-taller-component[22m   [2m | [22m [36m40.10 kB[39m[2m | [22m
[32mchunk-5JCM64QD.js[39m  [2m | [22m[2mcobertura-taller-component[22m   [2m | [22m [36m38.96 kB[39m[2m | [22m
[32mchunk-AMH5RSYR.js[39m  [2m | [22m[2mdashboard-tecnico-component[22m  [2m | [22m [36m38.15 kB[39m[2m | [22m
[2m...and 21 more lazy chunks files. Use "--verbose" to show all the files.[22m

Application bundle generation complete. [21.013 seconds] - 2026-06-07T22:59:11.294Z

Watch mode enabled. Watching for file changes...
NOTE: Raw file sizes do not reflect development server per-request transformations.
  [32m➜[39m  [1mLocal[22m:   [36mhttp://127.0.0.1:[1m4200[22m/[39m
[33m>[39m Changes detected. Rebuilding...
[32m√[39m Changes detected. Rebuilding...
[1mInitial chunk files[22m[2m | [22m[1mNames[22m                      [2m | [22m[1mRaw size[22m
[32mmain.js[39m            [2m | [22m[2mmain[22m                       [2m | [22m [36m8.14 kB[39m[2m | [22m

[1mLazy chunk files[22m   [2m | [22m[1mNames[22m                      [2m | [22m[1mRaw size[22m
[32mchunk-IFBM5A4L.js[39m  [2m | [22m[2mincidentes-taller-component[22m[2m | [22m[36m93.69 kB[39m[2m | [22m

Application bundle generation complete. [11.567 seconds] - 2026-06-07T23:30:24.618Z

Page reload sent to client(s).
[33m>[39m Changes detected. Rebuilding...
[32m√[39m Changes detected. Rebuilding...
[1mInitial chunk files[22m[2m | [22m[1mNames[22m                      [2m | [22m[1mRaw size[22m
[32mmain.js[39m            [2m | [22m[2mmain[22m                       [2m | [22m [36m8.14 kB[39m[2m | [22m

[1mLazy chunk files[22m   [2m | [22m[1mNames[22m                      [2m | [22m[1mRaw size[22m
[32mchunk-WZ3IJFJJ.js[39m  [2m | [22m[2mincidentes-taller-component[22m[2m | [22m[36m96.01 kB[39m[2m | [22m

Application bundle generation complete. [6.997 seconds] - 2026-06-07T23:32:04.172Z

Page reload sent to client(s).
[33m>[39m Changes detected. Rebuilding...
[32m√[39m Changes detected. Rebuilding...
[1mInitial chunk files[22m[2m | [22m[1mNames[22m                      [2m | [22m [1mRaw size[22m
[32mmain.js[39m            [2m | [22m[2mmain[22m                       [2m | [22m  [36m8.14 kB[39m[2m | [22m

[1mLazy chunk files[22m   [2m | [22m[1mNames[22m                      [2m | [22m [1mRaw size[22m
[32mchunk-MEBH4ZE5.js[39m  [2m | [22m[2mincidentes-taller-component[22m[2m | [22m[36m100.73 kB[39m[2m | [22m

Application bundle generation complete. [8.729 seconds] - 2026-06-07T23:33:02.217Z

Component update sent to client(s).
[33m>[39m Changes detected. Rebuilding...
[32m√[39m Changes detected. Rebuilding...
[1mInitial chunk files[22m[2m | [22m[1mNames[22m                      [2m | [22m [1mRaw size[22m
[32mmain.js[39m            [2m | [22m[2mmain[22m                       [2m | [22m  [36m8.14 kB[39m[2m | [22m

[1mLazy chunk files[22m   [2m | [22m[1mNames[22m                      [2m | [22m [1mRaw size[22m
[32mchunk-XGB72OMO.js[39m  [2m | [22m[2mincidentes-taller-component[22m[2m | [22m[36m101.71 kB[39m[2m | [22m

Application bundle generation complete. [3.313 seconds] - 2026-06-07T23:33:13.868Z

Component update sent to client(s).
[33m>[39m Changes detected. Rebuilding...
[32m√[39m Changes detected. Rebuilding...
[1mInitial chunk files[22m[2m | [22m[1mNames[22m                      [2m | [22m [1mRaw size[22m
[32mmain.js[39m            [2m | [22m[2mmain[22m                       [2m | [22m  [36m8.14 kB[39m[2m | [22m

[1mLazy chunk files[22m   [2m | [22m[1mNames[22m                      [2m | [22m [1mRaw size[22m
[32mchunk-NGUI25KJ.js[39m  [2m | [22m[2mincidentes-taller-component[22m[2m | [22m[36m101.86 kB[39m[2m | [22m

Application bundle generation complete. [1.685 seconds] - 2026-06-07T23:33:26.579Z

Page reload sent to client(s).
[33m>[39m Changes detected. Rebuilding...
[32m√[39m Changes detected. Rebuilding...
[1mInitial chunk files[22m[2m | [22m[1mNames[22m                      [2m | [22m [1mRaw size[22m
[32mmain.js[39m            [2m | [22m[2mmain[22m                       [2m | [22m  [36m8.14 kB[39m[2m | [22m

[1mLazy chunk files[22m   [2m | [22m[1mNames[22m                      [2m | [22m [1mRaw size[22m
[32mchunk-KQLP24LV.js[39m  [2m | [22m[2mincidentes-taller-component[22m[2m | [22m[36m102.04 kB[39m[2m | [22m

Application bundle generation complete. [3.931 seconds] - 2026-06-07T23:37:04.300Z

Page reload sent to client(s).
[33m>[39m Changes detected. Rebuilding...
[32m√[39m Changes detected. Rebuilding...
[1mInitial chunk files[22m[2m | [22m[1mNames[22m                      [2m | [22m [1mRaw size[22m
[32mmain.js[39m            [2m | [22m[2mmain[22m                       [2m | [22m  [36m8.14 kB[39m[2m | [22m

[1mLazy chunk files[22m   [2m | [22m[1mNames[22m                      [2m | [22m [1mRaw size[22m
[32mchunk-UAOOE2ZP.js[39m  [2m | [22m[2mincidentes-taller-component[22m[2m | [22m[36m103.75 kB[39m[2m | [22m

Application bundle generation complete. [2.631 seconds] - 2026-06-07T23:37:38.609Z

Page reload sent to client(s).
[33m>[39m Changes detected. Rebuilding...
[32m√[39m Changes detected. Rebuilding...
[1mInitial chunk files[22m[2m | [22m[1mNames[22m                      [2m | [22m [1mRaw size[22m
[32mmain.js[39m            [2m | [22m[2mmain[22m                       [2m | [22m  [36m8.14 kB[39m[2m | [22m

[1mLazy chunk files[22m   [2m | [22m[1mNames[22m                      [2m | [22m [1mRaw size[22m
[32mchunk-XDG4L3YS.js[39m  [2m | [22m[2mincidentes-taller-component[22m[2m | [22m[36m104.28 kB[39m[2m | [22m

Application bundle generation complete. [2.227 seconds] - 2026-06-07T23:37:51.937Z

Component update sent to client(s).
[33m>[39m Changes detected. Rebuilding...
[32m√[39m Changes detected. Rebuilding...
[1mInitial chunk files[22m[2m | [22m[1mNames[22m                      [2m | [22m [1mRaw size[22m
[32mmain.js[39m            [2m | [22m[2mmain[22m                       [2m | [22m  [36m8.14 kB[39m[2m | [22m

[1mLazy chunk files[22m   [2m | [22m[1mNames[22m                      [2m | [22m [1mRaw size[22m
[32mchunk-I7FSGIGI.js[39m  [2m | [22m[2mincidentes-taller-component[22m[2m | [22m[36m104.43 kB[39m[2m | [22m

Application bundle generation complete. [5.011 seconds] - 2026-06-07T23:42:44.574Z

Page reload sent to client(s).
[33m>[39m Changes detected. Rebuilding...
[32m√[39m Changes detected. Rebuilding...
[1mInitial chunk files[22m[2m | [22m[1mNames[22m                      [2m | [22m [1mRaw size[22m
[32mmain.js[39m            [2m | [22m[2mmain[22m                       [2m | [22m  [36m8.14 kB[39m[2m | [22m

[1mLazy chunk files[22m   [2m | [22m[1mNames[22m                      [2m | [22m [1mRaw size[22m
[32mchunk-TW3KB77I.js[39m  [2m | [22m[2mincidentes-taller-component[22m[2m | [22m[36m105.49 kB[39m[2m | [22m

Application bundle generation complete. [4.428 seconds] - 2026-06-07T23:48:03.184Z

Page reload sent to client(s).
[33m>[39m Changes detected. Rebuilding...
[32m√[39m Changes detected. Rebuilding...
[1mInitial chunk files[22m[2m | [22m[1mNames[22m                      [2m | [22m [1mRaw size[22m
[32mmain.js[39m            [2m | [22m[2mmain[22m                       [2m | [22m  [36m8.14 kB[39m[2m | [22m

[1mLazy chunk files[22m   [2m | [22m[1mNames[22m                      [2m | [22m [1mRaw size[22m
[32mchunk-MTLOXPGO.js[39m  [2m | [22m[2mincidentes-taller-component[22m[2m | [22m[36m105.98 kB[39m[2m | [22m

Application bundle generation complete. [0.900 seconds] - 2026-06-07T23:48:20.386Z

Page reload sent to client(s).
